{
    "rx_rate": [0.0, 0.0, 0.0, 0.0, 0.0, 0.0, 0.0, 0.0, 0.0, 0.0, 0.0],
    "tx_rate": [0.0, 0.0, 0.0, 0.0, 0.0, 0.0, 0.0, 0.0, 0.0, 0.0, 0.0],
    "rx_packet_rate": [0.0, 0.0, 0.0, 0.0, 0.0, 0.0, 0.0, 0.0, 0.0, 0.0, 0.0],
    "tx_packet_rate": [0.0, 0.0, 0.0, 0.0, 0.0, 0.0, 0.0, 0.0, 0.0, 0.0, 0.0],
    "rx_bytes": [0, 0, 0, 0, 0, 0, 0, 0, 0, 0, 0],
    "tx_bytes": [0, 0, 0, 0, 0, 0, 0, 0, 0, 0, 0],
    "rx_total_packets": [0, 0, 0, 0, 0, 0, 0, 0, 0, 0, 0],
    "tx_total_packets": [0, 0, 0, 0, 0, 0, 0, 0, 0, 0, 0],
    "rx_unicasts": [0, 0, 0, 0, 0, 0, 0, 0, 0, 0, 0],
    "tx_unicasts": [0, 0, 0, 0, 0, 0, 0, 0, 0, 0, 0],
    "rx_broadcasts": [0, 0, 0, 0, 0, 0, 0, 0, 0, 0, 0],
    "tx_broadcasts": [0, 0, 0, 0, 0, 0, 0, 0, 0, 0, 0],
    "rx_multicasts": [0, 0, 0, 0, 0, 0, 0, 0, 0, 0, 0],
    "tx_multicasts": [0, 0, 0, 0, 0, 0, 0, 0, 0, 0, 0],
    "rx_pauses": [0, 0, 0, 0, 0, 0, 0, 0, 0, 0, 0],
    "rx_errors": [0, 0, 0, 0, 0, 0, 0, 0, 0, 0, 0],
    "rx_fcs_errors": [0, 0, 0, 0, 0, 0, 0, 0, 0, 0, 0],
    "rx_jabber": [0, 0, 0, 0, 0, 0, 0, 0, 0, 0, 0],
    "rx_runts": [0, 0, 0, 0, 0, 0, 0, 0, 0, 0, 0],
    "rx_fragments": [0, 0, 0, 0, 0, 0, 0, 0, 0, 0, 0],
    "rx_too_long": [0, 0, 0, 0, 0, 0, 0, 0, 0, 0, 0],
    "tx_pauses": [0, 0, 0, 0, 0, 0, 0, 0, 0, 0, 0],
    "tx_fcs_errors": [0, 0, 0, 0, 0, 0, 0, 0, 0, 0, 0],
    "tx_collisions": [0, 0, 0, 0, 0, 0, 0, 0, 0, 0, 0],
    "tx_single_collisions": [0, 0, 0, 0, 0, 0, 0, 0, 0, 0, 0],
    "tx_multiple_collisions": [0, 0, 0, 0, 0, 0, 0, 0, 0, 0, 0],
    "tx_excessive_collisions": [0, 0, 0, 0, 0, 0, 0, 0, 0, 0, 0],
    "tx_late_collisions": [0, 0, 0, 0, 0, 0, 0, 0, 0, 0, 0],
    "tx_deferred": [0, 0, 0, 0, 0, 0, 0, 0, 0, 0, 0],
    "hist_64": [0, 0, 0, 0, 0, 0, 0, 0, 0, 0, 0],
    "hist_65_127": [0, 0, 0, 0, 0, 0, 0, 0, 0, 0, 0],
    "hist_128_255": [0, 0, 0, 0, 0, 0, 0, 0, 0, 0, 0],
    "hist_256_511": [0, 0, 0, 0, 0, 0, 0, 0, 0, 0, 0],
    "hist_512_1023": [0, 0, 0, 0, 0, 0, 0, 0, 0, 0, 0],
    "hist_1024_max": [0, 0, 0, 0, 0, 0, 0, 0, 0, 0, 0],
}
