{
    "address_acquisition": "DHCP_FALLBACK",
    "static_ip": "192.168.1.1",
    "ip": "192.168.1.1",
    "identity": "MockSwitch",
    "serial": "MockSeril0",
    "mac": "00:11:22:33:44:55",
    "model": "CSS610G",
    "version": "2.16",
    "revision": None,
    "uptime": 107763,
    "cpu_temp": 45,
    "psu1_current": None,
    "psu1_voltage": None,
    "psu2_current": None,
    "psu2_voltage": None,
    "psu1_power": None,
    "psu2_power": None,
    "power_consumption": None
}
