{
    "from_port_1": [True, True, True, True, True, True, True, True, True, True, True, True, True, True, True, True, True, True, True, True, True],
    "from_port_2": [True, True, True, True, True, True, True, True, True, True, True, True, True, True, True, True, True, True, True, True, True],
    "from_port_3": [True, True, True, True, True, True, True, True, True, True, True, True, True, True, True, True, True, True, True, True, True],
    "from_port_4": [True, True, True, True, True, True, True, True, True, True, True, True, True, True, True, True, True, True, True, True, True],
    "from_port_5": [True, True, True, True, True, True, True, True, True, True, True, True, True, True, True, True, True, True, True, True, True],
    "from_port_6": [True, True, True, True, True, True, True, True, True, True, True, True, True, True, True, True, True, True, True, True, True],
    "from_port_7": [True, True, True, True, True, True, True, True, True, True, True, True, True, True, True, True, True, True, True, True, True],
    "from_port_8": [True, True, True, True, True, True, True, True, True, True, True, True, True, True, True, True, True, True, True, True, True],
    "from_port_9": [True, True, True, True, True, True, True, True, True, True, True, True, True, True, True, True, True, True, True, True, True],
    "from_port_10": [True, True, True, True, True, True, True, True, True, True, True, True, True, True, True, True, True, True, True, True, True],
    "port_lock": [True, True, True, True, True, True, True, True, True, True, True, True, True, True, True, True, True, True, True, True, True],
    "lock_on_first": [True, True, True, True, True, True, True, True, True, True, True, True, True, True, True, True, True, True, True, True, True],
    "mirror_ingress": [True, True, True, True, True, True, True, True, True, True, True, True, True, True, True, True, True, True, True, True, True],
    "mirror_egress": [True, True, True, True, True, True, True, True, True, True, True, True, True, True, True, True, True, True, True, True, True],
    "mirror_to": [True, True, True, True, True, True, True, True, True, True, True, True, True, True, True, True, True, True, True, True, True],
    "storm_rate": [0, 0, 0, 0, 0, 0, 0, 0, 0, 0, 0, 0, 0, 0, 0, 0, 0, 0, 0, 0, 0],
    "ingress_rate": [0, 0, 0, 0, 0, 0, 0, 0, 0, 0, 0, 0, 0, 0, 0, 0, 0, 0, 0, 0, 0],
    "egress_rate": [0, 0, 0, 0, 0, 0, 0, 0, 0, 0, 0, 0, 0, 0, 0, 0, 0, 0, 0, 0, 0],
    "limit_unknown_unicast": [True, True, True, True, True, True, True, True, True, True, True, True, True, True, True, True, True, True, True, True, True],
    "flood_unknown_multicast": [True, True, True, True, True, True, True, True, True, True, True, True, True, True, True, True, True, True, True, True, True],
    "vlan_mode": ['disabled', 'disabled', 'disabled', 'disabled', 'disabled', 'disabled', 'disabled', 'disabled', 'disabled', 'disabled', 'disabled', 'disabled', 'disabled', 'disabled', 'disabled', 'disabled', 'disabled', 'disabled', 'disabled', 'disabled', 'disabled'],
    "vlan_receive": ['any', 'any', 'any', 'any', 'any', 'any', 'any', 'any', 'any', 'any', 'any', 'any', 'any', 'any', 'any', 'any', 'any', 'any', 'any', 'any', 'any'],
    "default_vlan_id": [0, 0, 0, 0, 0, 0, 0, 0, 0, 0, 0, 0, 0, 0, 0, 0, 0, 0, 0, 0, 0],
    "force_vlan_id": [True, True, True, True, True, True, True, True, True, True, True, True, True, True, True, True, True, True, True, True, True],
}
