{
    "enabled": [True, True, True, True, True, True],
    "name": ['Port1', 'Port2', 'Port3', 'Port4', 'SFP1+', 'SFP2+'],
    "link_state": [True, True, True, True, True, True],
    "link_paused": [True, True, True, True, True, True],
    "auto_negotiation": [True, True, True, True, True, True],
    "speed": ['10M', '10M', '10M', '10M', '10M', '10M'],
    "man_speed": ['10M', '10M', '10M', '10M', '10M', '10M'],
    "full_duplex": [True, True, True, True, True, True],
    "man_full_duplex": [True, True, True, True, True, True],
    "flow_control_rx": [True, True, True, True, True, True],
    "flow_control_tx": [True, True, True, True, True, True],
}
