{
    "address_acquisition": "STATIC",
    "static_ip": "192.168.1.100",
    "ip": "192.168.1.100",
    "identity": "MikroTik",
    "serial": "HK0123456789",
    "mac": "AA:BB:CC:DD:EE:FF",
    "model": "CSS610-8G-2S+",
    "version": "2.21",
    "revision": None,
    "uptime": 185409,
    "build_number": 1766066090,
    "bridge_priority": 32768,
    "forward_reserved_multicast": False,
    "port_cost_mode": "short",
    "root_bridge_priority": 32768,
    "root_bridge_mac": "00:AA:BB:CC:DD:EE",
    "allow_from_ip": "0.0.0.0",
    "allow_from_mask": 0,
    "allow_from_ports": [True, True, True, True, True, True, True, True, True, True],
    "allow_from_vlan": 0,
    "igmp_snooping": False,
    "igmp_querier": True,
    "igmp_fast_leave": [False, False, False, False, False, False, False, False, False, False],
    "igmp_version": "v3",
    "mikrotik_discovery_protocol": [True, True, True, True, True, True, True, True, True, True],
    "dhcp_snooping_trusted_ports": [True, True, True, True, True, True, True, True, True, True],
    "dhcp_snooping_add_info_option": True,
    "cpu_temp": 49,
    "psu1_voltage": 0.0,
    "psu1_current": 0,
    "psu2_voltage": 0.0,
    "psu2_current": 0,
    "psu1_power": None,
    "psu2_power": None,
    "power_consumption": 0.0
}
