{
    "enabled": [True, True, True, True, True, True, True, True, True, True],
    "name": ["Port1", "Port2", "Port3", "Port4", "Port5", "Port6", "Port7", "Port8", "SFP1+", "SFP2+"],
    "link_state": [True, True, True, True, True, False, False, False, False, True],
    "link_paused": [False, False, False, False, False, False, False, False, False, False],
    "auto_negotiation": [True, True, True, True, True, True, True, True, True, True],
    "speed": ["100M", "100M", "100M", "100M", "10M", "10M", "10M", "10M", "1G", "10M"],
    "man_speed": ["1G", "1G", "1G", "1G", "1G", "1G", "1G", "1G", "1G", "1G"],
    "full_duplex": [True, True, True, True, True, False, False, False, True, False],
    "man_full_duplex": [True, True, True, True, True, True, True, True, True, True],
    "flow_control_rx": [False, False, False, False, False, False, False, False, False, False],
    "flow_control_tx": [False, False, False, False, False, False, False, False, False, False]
}
