{
    "vendor": ['Vendor', 'Vendor', 'Vendor', 'Vendor', 'Vendor', 'Vendor', 'Vendor', 'Vendor', 'Vendor', 'Vendor'],
    "part_number": ['', '', '', '', '', '', '', '', '', ''],
    "revision": ['', '', '', '', '', '', '', '', '', ''],
    "serial": ['', '', '', '', '', '', '', '', '', ''],
    "date": ['', '', '', '', '', '', '', '', '', ''],
    "type": ['', '', '', '', '', '', '', '', '', ''],
    "temperature": [0, 0, 0, 0, 0, 0, 0, 0, 0, 0],
    "voltage": [0, 0, 0, 0, 0, 0, 0, 0, 0, 0],
    "tx_bias": [0, 0, 0, 0, 0, 0, 0, 0, 0, 0],
    "tx_power": [0.0, 0.0, 0.0, 0.0, 0.0, 0.0, 0.0, 0.0, 0.0, 0.0],
    "rx_power": [0.0, 0.0, 0.0, 0.0, 0.0, 0.0, 0.0, 0.0, 0.0, 0.0],
}
