{
    "address_acquisition": 'DHCP_FALLBACK',
    "static_ip": '192.168.1.1',
    "ip": '192.168.1.1',
    "identity": 'TestSwitch',
    "serial": 'SN00000001',
    "mac": '00:11:22:33:44:55',
    "model": 'CSS326',
    "version": '2.18',
    "uptime": 0,
    "build_number": 0,
    "bridge_priority": 0,
    "forward_reserved_multicast": True,
    "port_cost_mode": 'short',
    "root_bridge_priority": 0,
    "root_bridge_mac": '00:11:22:33:44:55',
    "allow_from_ip": '192.168.1.1',
    "allow_from_mask": 0,
    "allow_from_ports": [True, True, True, True, True, False, False, False, False, False],
    "allow_from_vlan": 0,
    "igmp_snooping": True,
    "igmp_querier": True,
    "igmp_fast_leave": [True, True, True, True, True, False, False, False, False, False],
    "igmp_version": 'v2',
    "mikrotik_discovery_protocol": [True, True, True, True, True, False, False, False, False, False],
    "dhcp_snooping_trusted_ports": [True, True, True, True, True, False, False, False, False, False],
    "dhcp_snooping_add_info_option": True,
    "cpu_temp": 0,
    "psu1_current": 0,
    "psu1_voltage": 0,
    "psu2_current": 0,
    "psu2_voltage": 0,
    "power_consumption": 0,
}
