[
    {
        "from_ports": [True, True, True, True, True, True, True, True, True, True, True, True, True, True, True, True, True, True, True, True, True, True, True, True, True, True],
        "mac_src": '',
        "mac_src_mask": '00:11:22:33:44:55',
        "mac_dst": '',
        "mac_dst_mask": '00:11:22:33:44:55',
        "ethertype": 0,
        "vlan": 'any',
        "vlan_id": 0,
        "priority": 0,
        "ip_src": '',
        "ip_src_prefix": 0,
        "ip_src_port": 0,
        "ip_dst": '',
        "ip_dst_prefix": 0,
        "ip_dst_port": 0,
        "protocol": 0,
        "dscp": 0,
        "drop": True,
        "mirror_to": 0,
        "redirect_to": 0,
        "set_vlan_id": 0,
        "set_priority": 0,
        "set_dscp": 0,
        "account_as": 'none',
    },
]
